// Jest Snapshot v1, https://goo.gl/fbAQLP

exports[`<Footer /> renders the <Footer /> with populated data 1`] = `
<div
  class="footer__Container-jt8ysx-0 bDvNQq"
>
  <p
    class="footer__Title-jt8ysx-4 fpqzfQ"
  >
    Questions? Contact us.
  </p>
  <p
    class="footer__Break-jt8ysx-6 cQhaXD"
  />
  <div
    class="footer__Row-jt8ysx-2 jlEPze"
  >
    <div
      class="footer__Column-jt8ysx-1 hgWdUp"
    >
      <a
        class="footer__Link-jt8ysx-3 dUcAOK"
        href="#"
      >
        FAQ
      </a>
      <a
        class="footer__Link-jt8ysx-3 dUcAOK"
        href="#"
      >
        Investor Relations
      </a>
      <a
        class="footer__Link-jt8ysx-3 dUcAOK"
        href="#"
      >
        Ways to Watch
      </a>
      <a
        class="footer__Link-jt8ysx-3 dUcAOK"
        href="#"
      >
        Corporate Information
      </a>
      <a
        class="footer__Link-jt8ysx-3 dUcAOK"
        href="#"
      >
        Netflix Originals
      </a>
    </div>
    <div
      class="footer__Column-jt8ysx-1 hgWdUp"
    >
      <a
        class="footer__Link-jt8ysx-3 dUcAOK"
        href="#"
      >
        Help Centre
      </a>
      <a
        class="footer__Link-jt8ysx-3 dUcAOK"
        href="#"
      >
        Jobs
      </a>
      <a
        class="footer__Link-jt8ysx-3 dUcAOK"
        href="#"
      >
        Terms of Use
      </a>
      <a
        class="footer__Link-jt8ysx-3 dUcAOK"
        href="#"
      >
        Contact Us
      </a>
    </div>
    <div
      class="footer__Column-jt8ysx-1 hgWdUp"
    >
      <a
        class="footer__Link-jt8ysx-3 dUcAOK"
        href="#"
      >
        Account
      </a>
      <a
        class="footer__Link-jt8ysx-3 dUcAOK"
        href="#"
      >
        Redeem gift cards
      </a>
      <a
        class="footer__Link-jt8ysx-3 dUcAOK"
        href="#"
      >
        Privacy
      </a>
      <a
        class="footer__Link-jt8ysx-3 dUcAOK"
        href="#"
      >
        Speed Test
      </a>
    </div>
    <div
      class="footer__Column-jt8ysx-1 hgWdUp"
    >
      <a
        class="footer__Link-jt8ysx-3 dUcAOK"
        href="#"
      >
        Media Centre
      </a>
      <a
        class="footer__Link-jt8ysx-3 dUcAOK"
        href="#"
      >
        Buy gift cards
      </a>
      <a
        class="footer__Link-jt8ysx-3 dUcAOK"
        href="#"
      >
        Cookie Preferences
      </a>
      <a
        class="footer__Link-jt8ysx-3 dUcAOK"
        href="#"
      >
        Legal Notices
      </a>
    </div>
  </div>
  <p
    class="footer__Break-jt8ysx-6 cQhaXD"
  />
  <p
    class="footer__Text-jt8ysx-5 doNxrd"
  >
    Netflix United Kingdom
  </p>
</div>
`;
