// Jest Snapshot v1, https://goo.gl/fbAQLP

exports[`<Player /> renders the <Player /> with a bunny video 1`] = `
<div
  class="player__Container-sc-10kmspu-0"
>
  <button
    class="player__Button-sc-10kmspu-4 jYPNXE"
  >
    Play
  </button>
</div>
`;
